2025-26-21 01:21:08.690 INFO  [main] o.s.t.c.s.AnnotationConfigContextLoaderUtils - Could not detect default configuration classes for test class [com.becoder.EnotesApiServiceApplicationTests]: EnotesApiServiceApplicationTests does not declare any static, non-private, non-final, nested classes annotated with @Configuration.
2025-26-21 01:21:08.912 INFO  [main] o.s.b.t.c.SpringBootTestContextBootstrapper - Found @SpringBootConfiguration com.becoder.EnotesApiServiceApplication for test class com.becoder.EnotesApiServiceApplicationTests
2025-26-21 01:21:09.323 INFO  [main] o.s.b.d.r.RestartApplicationListener - Restart disabled due to context in which it is running
2025-26-21 01:21:10.103 INFO  [main] c.b.EnotesApiServiceApplicationTests - Starting EnotesApiServiceApplicationTests using Java 17.0.7 with PID 13908 (started by Pabitra in D:\Youtube\Projects\enotes-api-service\enotes-api-service)
2025-26-21 01:21:10.108 INFO  [main] c.b.EnotesApiServiceApplicationTests - The following 1 profile is active: "dev"
2025-26-21 01:21:13.146 INFO  [main] o.s.d.r.c.RepositoryConfigurationDelegate - Bootstrapping Spring Data JPA repositories in DEFAULT mode.
2025-26-21 01:21:13.305 INFO  [main] o.s.d.r.c.RepositoryConfigurationDelegate - Finished Spring Data repository scanning in 143 ms. Found 7 JPA repository interfaces.
2025-26-21 01:21:14.754 INFO  [main] o.h.jpa.internal.util.LogHelper - HHH000204: Processing PersistenceUnitInfo [name: default]
2025-26-21 01:21:15.079 INFO  [main] org.hibernate.Version - HHH000412: Hibernate ORM core version 6.5.3.Final
2025-26-21 01:21:15.249 INFO  [main] o.h.c.i.RegionFactoryInitiator - HHH000026: Second-level cache disabled
2025-26-21 01:21:16.790 INFO  [main] o.s.o.j.p.SpringPersistenceUnitInfo - No LoadTimeWeaver setup: ignoring JPA class transformer
2025-26-21 01:21:16.935 INFO  [main] com.zaxxer.hikari.HikariDataSource - HikariPool-1 - Starting...
2025-26-21 01:21:18.191 INFO  [main] com.zaxxer.hikari.pool.HikariPool - HikariPool-1 - Added connection com.mysql.cj.jdbc.ConnectionImpl@7341baa3
2025-26-21 01:21:18.198 INFO  [main] com.zaxxer.hikari.HikariDataSource - HikariPool-1 - Start completed.
2025-26-21 01:21:18.376 WARN  [main] org.hibernate.orm.deprecation - HHH90000025: MySQL8Dialect does not need to be specified explicitly using 'hibernate.dialect' (remove the property setting and it will be selected by default)
2025-26-21 01:21:18.380 WARN  [main] org.hibernate.orm.deprecation - HHH90000026: MySQL8Dialect has been deprecated; use org.hibernate.dialect.MySQLDialect instead
2025-26-21 01:21:22.727 INFO  [main] o.h.e.t.j.p.i.JtaPlatformInitiator - HHH000489: No JTA platform available (set 'hibernate.transaction.jta.platform' to enable JTA platform integration)
2025-26-21 01:21:22.758 INFO  [main] o.s.o.j.LocalContainerEntityManagerFactoryBean - Initialized JPA EntityManagerFactory for persistence unit 'default'
2025-26-21 01:21:24.418 INFO  [main] o.s.s.c.a.a.c.InitializeAuthenticationProviderBeanManagerConfigurer$InitializeAuthenticationProviderManagerConfigurer - Global AuthenticationManager configured with AuthenticationProvider bean with name authenticationProvider
2025-26-21 01:21:24.421 WARN  [main] o.s.s.c.a.a.c.InitializeUserDetailsBeanManagerConfigurer$InitializeUserDetailsManagerConfigurer - Global AuthenticationManager configured with an AuthenticationProvider bean. UserDetailsService beans will not be used for username/password login. Consider removing the AuthenticationProvider bean. Alternatively, consider using the UserDetailsService in a manually instantiated DaoAuthenticationProvider.
2025-26-21 01:21:24.847 INFO  [main] o.s.d.j.r.query.QueryEnhancerFactory - Hibernate is in classpath; If applicable, HQL parser will be used.
2025-26-21 01:21:28.238 WARN  [main] o.s.b.a.o.j.JpaBaseConfiguration$JpaWebConfiguration - spring.jpa.open-in-view is enabled by default. Therefore, database queries may be performed during view rendering. Explicitly configure spring.jpa.open-in-view to disable this warning
2025-26-21 01:21:31.393 INFO  [main] c.b.EnotesApiServiceApplicationTests - Started EnotesApiServiceApplicationTests in 22.12 seconds (process running for 24.893)
2025-26-21 01:21:33.248 INFO  [SpringApplicationShutdownHook] o.s.o.j.LocalContainerEntityManagerFactoryBean - Closing JPA EntityManagerFactory for persistence unit 'default'
2025-26-21 01:21:33.257 INFO  [SpringApplicationShutdownHook] com.zaxxer.hikari.HikariDataSource - HikariPool-1 - Shutdown initiated...
2025-26-21 01:21:33.299 INFO  [SpringApplicationShutdownHook] com.zaxxer.hikari.HikariDataSource - HikariPool-1 - Shutdown completed.
